---
source: rbx_binary/src/tests/util.rs
expression: decoded_viewed

---
- referent: referent-0
  name: ImageButton
  class: ImageButton
  properties:
    Active:
      Bool: true
    AnchorPoint:
      Vector2:
        - 0.0
        - 0.0
    AttributesSerialize:
      BinaryString: ""
    AutoButtonColor:
      Bool: true
    AutoLocalize:
      Bool: true
    AutomaticSize:
      Enum: 0
    BackgroundColor3:
      Color3:
        - 1.0
        - 1.0
        - 1.0
    BackgroundTransparency:
      Float32: 0.0
    BorderColor3:
      Color3:
        - 0.10588236153125763
        - 0.16470588743686677
        - 0.20784315466880799
    BorderMode:
      Enum: 0
    BorderSizePixel:
      Int32: 1
    ClipsDescendants:
      Bool: false
    Draggable:
      Bool: false
    HoverImage:
      Content: ""
    Image:
      Content: "rbxasset://textures/ui/GuiImagePlaceholder.png"
    ImageColor3:
      Color3:
        - 1.0
        - 1.0
        - 1.0
    ImageRectOffset:
      Vector2:
        - 0.0
        - 0.0
    ImageRectSize:
      Vector2:
        - 0.0
        - 0.0
    ImageTransparency:
      Float32: 0.0
    LayoutOrder:
      Int32: 0
    Modal:
      Bool: false
    NextSelectionDown: "null"
    NextSelectionLeft: "null"
    NextSelectionRight: "null"
    NextSelectionUp: "null"
    Position:
      UDim2:
        - - 0.0
          - 0
        - - 0.0
          - 0
    PressedImage:
      Content: ""
    RootLocalizationTable: "null"
    Rotation:
      Float32: 0.0
    ScaleType:
      Enum: 1
    Selectable:
      Bool: true
    Selected:
      Bool: false
    SelectionImageObject: "null"
    Size:
      UDim2:
        - - 0.0
          - 100
        - - 0.0
          - 100
    SizeConstraint:
      Enum: 0
    SliceCenter:
      Rect:
        - - -1.0
          - -10.0
        - - 8.0
          - 9.0
    SliceScale:
      Float32: 1.0
    SourceAssetId:
      Int64: -1
    Style:
      Enum: 0
    Tags:
      BinaryString: ""
    TileSize:
      UDim2:
        - - 1.0
          - 0
        - - 1.0
          - 0
    Visible:
      Bool: true
    ZIndex:
      Int32: 1
  children: []
- referent: referent-1
  name: ImageButton
  class: ImageButton
  properties:
    Active:
      Bool: true
    AnchorPoint:
      Vector2:
        - 0.0
        - 0.0
    AttributesSerialize:
      BinaryString: ""
    AutoButtonColor:
      Bool: true
    AutoLocalize:
      Bool: true
    AutomaticSize:
      Enum: 0
    BackgroundColor3:
      Color3:
        - 1.0
        - 1.0
        - 1.0
    BackgroundTransparency:
      Float32: 0.0
    BorderColor3:
      Color3:
        - 0.10588236153125763
        - 0.16470588743686677
        - 0.20784315466880799
    BorderMode:
      Enum: 0
    BorderSizePixel:
      Int32: 1
    ClipsDescendants:
      Bool: false
    Draggable:
      Bool: false
    HoverImage:
      Content: ""
    Image:
      Content: "rbxasset://textures/ui/GuiImagePlaceholder.png"
    ImageColor3:
      Color3:
        - 1.0
        - 1.0
        - 1.0
    ImageRectOffset:
      Vector2:
        - 0.0
        - 0.0
    ImageRectSize:
      Vector2:
        - 0.0
        - 0.0
    ImageTransparency:
      Float32: 0.0
    LayoutOrder:
      Int32: 0
    Modal:
      Bool: false
    NextSelectionDown: "null"
    NextSelectionLeft: "null"
    NextSelectionRight: "null"
    NextSelectionUp: "null"
    Position:
      UDim2:
        - - 0.0
          - 0
        - - 0.0
          - 0
    PressedImage:
      Content: ""
    RootLocalizationTable: "null"
    Rotation:
      Float32: 0.0
    ScaleType:
      Enum: 1
    Selectable:
      Bool: true
    Selected:
      Bool: false
    SelectionImageObject: "null"
    Size:
      UDim2:
        - - 0.0
          - 100
        - - 0.0
          - 100
    SizeConstraint:
      Enum: 0
    SliceCenter:
      Rect:
        - - 0.0
          - 1.0
        - - 5.0
          - 6.0
    SliceScale:
      Float32: 1.0
    SourceAssetId:
      Int64: -1
    Style:
      Enum: 0
    Tags:
      BinaryString: ""
    TileSize:
      UDim2:
        - - 1.0
          - 0
        - - 1.0
          - 0
    Visible:
      Bool: true
    ZIndex:
      Int32: 1
  children: []

