---
source: rbx_binary/src/tests/util.rs
expression: decoded_viewed

---
- referent: referent-0
  name: UIPadding
  class: UIPadding
  properties:
    AttributesSerialize:
      BinaryString: ""
    PaddingBottom:
      UDim:
        - 13.369999885559082
        - 42
    PaddingLeft:
      UDim:
        - -13.369999885559082
        - 42
    PaddingRight:
      UDim:
        - 13.369999885559082
        - -42
    PaddingTop:
      UDim:
        - -13.369999885559082
        - -42
    Tags:
      BinaryString: ""
  children: []

