---
source: rbx_binary/src/tests/util.rs
expression: decoded_viewed

---
- referent: referent-0
  name: Ref Target
  class: Folder
  properties:
    AttributesSerialize:
      BinaryString: ""
    Tags:
      Tags:
        - ""
  children:
    - referent: referent-1
      name: Value
      class: ObjectValue
      properties:
        AttributesSerialize:
          BinaryString: ""
        Tags:
          Tags:
            - ""
        Value: referent-0
      children: []

