---
source: rbx_binary/src/tests/util.rs
expression: decoded_viewed

---
- referent: referent-0
  name: ModuleScript
  class: ModuleScript
  properties:
    AttributesSerialize:
      BinaryString: ""
    LinkedSource:
      Content: ""
    ScriptGuid:
      BinaryString: ezI3RTM5RkVCLTI3QjctNDNFQy05Mzk4LTA0MTE1Q0Y4NTZCMn0=
    Source:
      String: "local module = {}\n\nreturn module\n"
    Tags:
      Tags: []
  children: []

