---
source: rbx_binary/src/tests/util.rs
expression: decoded_viewed

---
- referent: referent-0
  name: Value
  class: BrickColorValue
  properties:
    AttributesSerialize:
      BinaryString: ""
    Tags:
      Tags:
        - ""
    Value:
      BrickColor: 1004
  children: []
- referent: referent-1
  name: Value
  class: BrickColorValue
  properties:
    AttributesSerialize:
      BinaryString: ""
    Tags:
      Tags:
        - ""
    Value:
      BrickColor: 37
  children: []
- referent: referent-2
  name: Value
  class: BrickColorValue
  properties:
    AttributesSerialize:
      BinaryString: ""
    Tags:
      Tags:
        - ""
    Value:
      BrickColor: 1010
  children: []

