---
source: rbx_binary/src/tests/util.rs
expression: text_decoded

---
num_types: 1
num_instances: 1
chunks:
  - Meta:
      entries:
        - - ExplicitAutoJoints
          - "true"
  - Inst:
      type_id: 0
      type_name: Folder
      object_format: 0
      referents:
        - 0
  - Prop:
      type_id: 0
      prop_name: AttributesSerialize
      prop_type: String
      values:
        - ""
  - Prop:
      type_id: 0
      prop_name: Name
      prop_type: String
      values:
        - Folder
  - Prop:
      type_id: 0
      prop_name: SourceAssetId
      prop_type: Int64
      values:
        - -1
  - Prop:
      type_id: 0
      prop_name: Tags
      prop_type: String
      values:
        - "Cool\u0000My\u0000Tags"
  - Prnt:
      version: 0
      links:
        - - 0
          - -1
  - End

